../Core/Src/main.c:85:5:main	312	static
../Core/Src/main.c:152:6:SystemClock_Config	88	static
../Core/Src/main.c:198:13:MX_I2C1_Init	8	static
../Core/Src/main.c:232:13:MX_I2S3_Init	8	static
../Core/Src/main.c:266:13:MX_SPI1_Init	8	static
../Core/Src/main.c:304:13:MX_TIM6_Init	16	static
../Core/Src/main.c:342:13:MX_GPIO_Init	56	static
../Core/Src/main.c:434:6:HAL_GPIO_EXTI_Callback	16	static
../Core/Src/main.c:470:6:HAL_TIM_PeriodElapsedCallback	16	static
../Core/Src/main.c:480:5:lessthan	40	static
../Core/Src/main.c:496:6:blueyak	16	static
../Core/Src/main.c:502:6:redyak	16	static
../Core/Src/main.c:516:6:Error_Handler	4	static,ignoring_inline_asm
